2022-06-07 14:12:22,501 - __main__ - INFO - test the custom logger
